===========================================================================
 🚀 Institutional Tokyo Breakout Auto-Trade Bot (ICT/RTM + ML)
    Mode: MULTI-ASSET (20 Pairs) | PAPER TRADING
    Assets: BTCUSDT, ETHUSDT, SOLUSDT, BNBUSDT, XRPUSDT...
    Risk per Trade: 1.0% | Min R:R: 1:2.5 | BE: +1.5R
    ML Gatekeeper: Res-MLP Gatekeeper (Threshold: 38%)
===========================================================================
[2026-09-27 15:46:27 UTC] Portfolio (20 Assets) | Open: 2/3 | BTC:84,443.4 | ETH:2,689.3 | SOL:121.6 | BNB:774.4 | XRP:1.5
[2026-09-27 15:46:53 UTC] Portfolio (20 Assets) | Open: 2/3 | BTC:84,457.5 | ETH:2,689.9 | SOL:121.7 | BNB:774.6 | XRP:1.5
[2026-09-27 15:47:12 UTC] Portfolio (20 Assets) | Open: 2/3 | BTC:84,470.0 | ETH:2,690.2 | SOL:121.7 | BNB:774.5 | XRP:1.5
[2026-09-27 15:47:30 UTC] Portfolio (20 Assets) | Open: 2/3 | BTC:84,486.9 | ETH:2,690.7 | SOL:121.7 | BNB:774.6 | XRP:1.5
[2026-09-27 15:47:49 UTC] Portfolio (20 Assets) | Open: 2/3 | BTC:84,490.9 | ETH:2,691.1 | SOL:121.7 | BNB:774.6 | XRP:1.5
[2026-09-27 15:48:08 UTC] Portfolio (20 Assets) | Open: 2/3 | BTC:84,494.0 | ETH:2,691.0 | SOL:121.7 | BNB:774.7 | XRP:1.5
[2026-09-27 15:48:26 UTC] Portfolio (20 Assets) | Open: 2/3 | BTC:84,494.0 | ETH:2,691.0 | SOL:121.8 | BNB:774.7 | XRP:1.5
[2026-09-27 15:48:45 UTC] Portfolio (20 Assets) | Open: 2/3 | BTC:84,494.0 | ETH:2,690.5 | SOL:121.8 | BNB:774.7 | XRP:1.5
[2026-09-27 15:49:03 UTC] Portfolio (20 Assets) | Open: 2/3 | BTC:84,494.0 | ETH:2,690.7 | SOL:121.8 | BNB:774.7 | XRP:1.5
[2026-09-27 15:49:22 UTC] Portfolio (20 Assets) | Open: 2/3 | BTC:84,494.0 | ETH:2,691.1 | SOL:121.8 | BNB:774.8 | XRP:1.5
[2026-09-27 15:49:41 UTC] Portfolio (20 Assets) | Open: 2/3 | BTC:84,494.0 | ETH:2,691.1 | SOL:121.7 | BNB:774.6 | XRP:1.5
[2026-09-27 15:50:07 UTC] Portfolio (20 Assets) | Open: 2/3 | BTC:84,494.0 | ETH:2,691.1 | SOL:121.7 | BNB:774.6 | XRP:1.5
[2026-09-27 15:50:25 UTC] Portfolio (20 Assets) | Open: 2/3 | BTC:84,494.0 | ETH:2,690.9 | SOL:121.7 | BNB:774.6 | XRP:1.5
[2026-09-27 15:50:44 UTC] Portfolio (20 Assets) | Open: 2/3 | BTC:84,494.0 | ETH:2,690.4 | SOL:121.7 | BNB:774.5 | XRP:1.5
[2026-09-27 15:51:02 UTC] Portfolio (20 Assets) | Open: 2/3 | BTC:84,494.0 | ETH:2,690.4 | SOL:121.7 | BNB:774.6 | XRP:1.5
[2026-09-27 15:51:21 UTC] Portfolio (20 Assets) | Open: 2/3 | BTC:84,500.0 | ETH:2,691.8 | SOL:121.8 | BNB:774.6 | XRP:1.5
[2026-09-27 15:51:40 UTC] Portfolio (20 Assets) | Open: 2/3 | BTC:84,494.0 | ETH:2,691.7 | SOL:121.7 | BNB:774.6 | XRP:1.5
[2026-09-27 15:51:59 UTC] Portfolio (20 Assets) | Open: 2/3 | BTC:84,478.6 | ETH:2,691.3 | SOL:121.7 | BNB:774.6 | XRP:1.5
[2026-09-27 15:52:17 UTC] Portfolio (20 Assets) | Open: 2/3 | BTC:84,480.0 | ETH:2,691.2 | SOL:121.7 | BNB:774.6 | XRP:1.5
[2026-09-27 15:52:36 UTC] Portfolio (20 Assets) | Open: 2/3 | BTC:84,460.2 | ETH:2,690.7 | SOL:121.7 | BNB:774.5 | XRP:1.5
[2026-09-27 15:52:55 UTC] Portfolio (20 Assets) | Open: 2/3 | BTC:84,466.0 | ETH:2,690.8 | SOL:121.7 | BNB:774.5 | XRP:1.5
[2026-09-27 15:53:22 UTC] Portfolio (20 Assets) | Open: 2/3 | BTC:84,486.0 | ETH:2,691.6 | SOL:121.8 | BNB:774.7 | XRP:1.5
[2026-09-27 15:53:41 UTC] Portfolio (20 Assets) | Open: 2/3 | BTC:84,468.0 | ETH:2,690.9 | SOL:121.7 | BNB:774.5 | XRP:1.5
[2026-09-27 15:54:00 UTC] Portfolio (20 Assets) | Open: 2/3 | BTC:84,450.6 | ETH:2,690.1 | SOL:121.6 | BNB:774.4 | XRP:1.5
[2026-09-27 15:54:19 UTC] Portfolio (20 Assets) | Open: 2/3 | BTC:84,462.0 | ETH:2,690.5 | SOL:121.7 | BNB:774.4 | XRP:1.5
[2026-09-27 15:54:38 UTC] Portfolio (20 Assets) | Open: 2/3 | BTC:84,430.0 | ETH:2,689.6 | SOL:121.6 | BNB:774.2 | XRP:1.5
[2026-09-27 15:54:56 UTC] Portfolio (20 Assets) | Open: 2/3 | BTC:84,448.0 | ETH:2,690.5 | SOL:121.7 | BNB:774.4 | XRP:1.5
[2026-09-27 15:55:15 UTC] Portfolio (20 Assets) | Open: 2/3 | BTC:84,471.9 | ETH:2,691.3 | SOL:121.7 | BNB:774.6 | XRP:1.5
[2026-09-27 15:55:34 UTC] Portfolio (20 Assets) | Open: 2/3 | BTC:84,470.0 | ETH:2,691.5 | SOL:121.8 | BNB:774.7 | XRP:1.5
[2026-09-27 15:55:53 UTC] Portfolio (20 Assets) | Open: 2/3 | BTC:84,454.0 | ETH:2,691.1 | SOL:121.7 | BNB:774.7 | XRP:1.5
[2026-09-27 15:56:11 UTC] Portfolio (20 Assets) | Open: 2/3 | BTC:84,447.4 | ETH:2,691.1 | SOL:121.7 | BNB:774.6 | XRP:1.5
[2026-09-27 15:56:37 UTC] Portfolio (20 Assets) | Open: 2/3 | BTC:84,452.0 | ETH:2,691.0 | SOL:121.8 | BNB:774.6 | XRP:1.5
[2026-09-27 15:56:55 UTC] Portfolio (20 Assets) | Open: 2/3 | BTC:84,460.0 | ETH:2,690.6 | SOL:121.7 | BNB:774.6 | XRP:1.5
[2026-09-27 15:57:14 UTC] Portfolio (20 Assets) | Open: 2/3 | BTC:84,448.0 | ETH:2,690.4 | SOL:121.8 | BNB:774.6 | XRP:1.5
[2026-09-27 15:57:33 UTC] Portfolio (20 Assets) | Open: 2/3 | BTC:84,444.0 | ETH:2,690.8 | SOL:121.8 | BNB:774.7 | XRP:1.5
[2026-09-27 15:57:55 UTC] Portfolio (20 Assets) | Open: 2/3 | BTC:84,438.0 | ETH:2,690.7 | SOL:121.8 | BNB:774.7 | XRP:1.5
[2026-09-27 15:58:16 UTC] Portfolio (20 Assets) | Open: 2/3 | BTC:84,452.0 | ETH:2,691.4 | SOL:121.9 | BNB:774.8 | XRP:1.5
[2026-09-27 15:58:35 UTC] Portfolio (20 Assets) | Open: 2/3 | BTC:84,468.1 | ETH:2,691.5 | SOL:121.9 | BNB:774.9 | XRP:1.5
[2026-09-27 15:58:53 UTC] Portfolio (20 Assets) | Open: 2/3 | BTC:84,476.0 | ETH:2,691.5 | SOL:121.8 | BNB:774.9 | XRP:1.5
[2026-09-27 15:59:12 UTC] Portfolio (20 Assets) | Open: 2/3 | BTC:84,476.0 | ETH:2,691.8 | SOL:121.8 | BNB:774.9 | XRP:1.5
[2026-09-27 15:59:38 UTC] Portfolio (20 Assets) | Open: 2/3 | BTC:84,468.1 | ETH:2,690.9 | SOL:121.7 | BNB:774.7 | XRP:1.5
[2026-09-27 15:59:57 UTC] Portfolio (20 Assets) | Open: 2/3 | BTC:84,460.0 | ETH:2,689.8 | SOL:121.8 | BNB:774.6 | XRP:1.5
[2026-09-27 16:00:16 UTC] Portfolio (20 Assets) | Open: 2/3 | BTC:84,473.8 | ETH:2,689.6 | SOL:121.8 | BNB:774.5 | XRP:1.5
[2026-09-27 16:00:34 UTC] Portfolio (20 Assets) | Open: 2/3 | BTC:84,481.6 | ETH:2,689.9 | SOL:121.8 | BNB:774.7 | XRP:1.5
[2026-09-27 16:00:53 UTC] Portfolio (20 Assets) | Open: 2/3 | BTC:84,487.1 | ETH:2,690.3 | SOL:121.8 | BNB:774.9 | XRP:1.5
[2026-09-27 16:01:11 UTC] Portfolio (20 Assets) | Open: 2/3 | BTC:84,494.0 | ETH:2,690.7 | SOL:121.9 | BNB:775.2 | XRP:1.5
[2026-09-27 16:01:30 UTC] Portfolio (20 Assets) | Open: 2/3 | BTC:84,486.0 | ETH:2,690.5 | SOL:121.8 | BNB:775.1 | XRP:1.5
[2026-09-27 16:01:49 UTC] Portfolio (20 Assets) | Open: 2/3 | BTC:84,486.0 | ETH:2,690.3 | SOL:121.8 | BNB:775.0 | XRP:1.5
[2026-09-27 16:02:07 UTC] Portfolio (20 Assets) | Open: 2/3 | BTC:84,493.8 | ETH:2,690.5 | SOL:121.8 | BNB:775.0 | XRP:1.5
[2026-09-27 16:02:27 UTC] Portfolio (20 Assets) | Open: 2/3 | BTC:84,480.0 | ETH:2,689.7 | SOL:121.7 | BNB:774.7 | XRP:1.5
[2026-09-27 16:02:59 UTC] Portfolio (20 Assets) | Open: 2/3 | BTC:84,473.6 | ETH:2,689.5 | SOL:121.7 | BNB:774.6 | XRP:1.5
[2026-09-27 16:03:20 UTC] Portfolio (20 Assets) | Open: 2/3 | BTC:84,470.9 | ETH:2,689.2 | SOL:121.8 | BNB:774.6 | XRP:1.5
[2026-09-27 16:03:39 UTC] Portfolio (20 Assets) | Open: 2/3 | BTC:84,486.0 | ETH:2,689.8 | SOL:121.8 | BNB:774.9 | XRP:1.5
[2026-09-27 16:03:57 UTC] Portfolio (20 Assets) | Open: 2/3 | BTC:84,482.0 | ETH:2,689.8 | SOL:121.8 | BNB:774.8 | XRP:1.5
[2026-09-27 16:04:17 UTC] Portfolio (20 Assets) | Open: 2/3 | BTC:84,528.0 | ETH:2,691.4 | SOL:121.9 | BNB:775.1 | XRP:1.5
[2026-09-27 16:04:40 UTC] Portfolio (20 Assets) | Open: 2/3 | BTC:84,535.9 | ETH:2,691.4 | SOL:121.9 | BNB:774.9 | XRP:1.5
[2026-09-27 16:05:00 UTC] Portfolio (20 Assets) | Open: 2/3 | BTC:84,542.7 | ETH:2,692.2 | SOL:122.0 | BNB:775.1 | XRP:1.5
[2026-09-27 16:05:19 UTC] Portfolio (20 Assets) | Open: 2/3 | BTC:84,555.6 | ETH:2,692.5 | SOL:122.0 | BNB:775.2 | XRP:1.5
[2026-09-27 16:05:37 UTC] Portfolio (20 Assets) | Open: 2/3 | BTC:84,555.7 | ETH:2,692.4 | SOL:122.0 | BNB:775.3 | XRP:1.5
[2026-09-27 16:06:03 UTC] Portfolio (20 Assets) | Open: 2/3 | BTC:84,555.7 | ETH:2,692.4 | SOL:122.0 | BNB:775.4 | XRP:1.5
[2026-09-27 16:06:21 UTC] Portfolio (20 Assets) | Open: 2/3 | BTC:84,560.0 | ETH:2,692.8 | SOL:122.0 | BNB:775.4 | XRP:1.5
[2026-09-27 16:06:40 UTC] Portfolio (20 Assets) | Open: 2/3 | BTC:84,564.0 | ETH:2,693.2 | SOL:122.0 | BNB:775.6 | XRP:1.5
[2026-09-27 16:06:59 UTC] Portfolio (20 Assets) | Open: 2/3 | BTC:84,585.1 | ETH:2,693.5 | SOL:122.1 | BNB:775.7 | XRP:1.5
[2026-09-27 16:07:18 UTC] Portfolio (20 Assets) | Open: 2/3 | BTC:84,585.2 | ETH:2,693.5 | SOL:122.1 | BNB:775.6 | XRP:1.5
[2026-09-27 16:07:37 UTC] Portfolio (20 Assets) | Open: 2/3 | BTC:84,580.0 | ETH:2,693.2 | SOL:122.1 | BNB:775.6 | XRP:1.5
[2026-09-27 16:07:56 UTC] Portfolio (20 Assets) | Open: 2/3 | BTC:84,574.0 | ETH:2,692.8 | SOL:122.1 | BNB:775.6 | XRP:1.5
[2026-09-27 16:08:14 UTC] Portfolio (20 Assets) | Open: 2/3 | BTC:84,567.3 | ETH:2,693.2 | SOL:122.2 | BNB:775.7 | XRP:1.5
[2026-09-27 16:08:33 UTC] Portfolio (20 Assets) | Open: 2/3 | BTC:84,567.3 | ETH:2,693.4 | SOL:122.2 | BNB:775.6 | XRP:1.5
[2026-09-27 16:08:52 UTC] Portfolio (20 Assets) | Open: 2/3 | BTC:84,575.3 | ETH:2,693.9 | SOL:122.2 | BNB:775.7 | XRP:1.5
[2026-09-27 16:09:17 UTC] Portfolio (20 Assets) | Open: 2/3 | BTC:84,571.4 | ETH:2,693.1 | SOL:122.2 | BNB:775.7 | XRP:1.5
[2026-09-27 16:09:37 UTC] Portfolio (20 Assets) | Open: 2/3 | BTC:84,589.9 | ETH:2,693.3 | SOL:122.2 | BNB:775.8 | XRP:1.5
[2026-09-27 16:09:56 UTC] Portfolio (20 Assets) | Open: 2/3 | BTC:84,593.1 | ETH:2,693.7 | SOL:122.2 | BNB:775.8 | XRP:1.5
[2026-09-27 16:10:17 UTC] Portfolio (20 Assets) | Open: 2/3 | BTC:84,582.0 | ETH:2,692.9 | SOL:122.1 | BNB:775.7 | XRP:1.5
[2026-09-27 16:10:36 UTC] Portfolio (20 Assets) | Open: 2/3 | BTC:84,582.0 | ETH:2,692.8 | SOL:122.1 | BNB:775.6 | XRP:1.5
[2026-09-27 16:10:55 UTC] Portfolio (20 Assets) | Open: 2/3 | BTC:84,555.6 | ETH:2,691.5 | SOL:122.0 | BNB:775.4 | XRP:1.5
[2026-09-27 16:11:14 UTC] Portfolio (20 Assets) | Open: 2/3 | BTC:84,542.6 | ETH:2,691.6 | SOL:122.0 | BNB:775.3 | XRP:1.5
[2026-09-27 16:11:33 UTC] Portfolio (20 Assets) | Open: 2/3 | BTC:84,542.6 | ETH:2,691.6 | SOL:122.0 | BNB:775.5 | XRP:1.5
[2026-09-27 16:11:51 UTC] Portfolio (20 Assets) | Open: 2/3 | BTC:84,542.6 | ETH:2,691.8 | SOL:122.0 | BNB:775.3 | XRP:1.5
[2026-09-27 16:12:10 UTC] Portfolio (20 Assets) | Open: 2/3 | BTC:84,542.6 | ETH:2,691.8 | SOL:122.0 | BNB:775.2 | XRP:1.5
[2026-09-27 16:12:35 UTC] Portfolio (20 Assets) | Open: 2/3 | BTC:84,542.6 | ETH:2,691.8 | SOL:122.0 | BNB:775.1 | XRP:1.5
[2026-09-27 16:12:54 UTC] Portfolio (20 Assets) | Open: 2/3 | BTC:84,546.8 | ETH:2,692.2 | SOL:122.0 | BNB:775.2 | XRP:1.5
[2026-09-27 16:13:13 UTC] Portfolio (20 Assets) | Open: 2/3 | BTC:84,556.0 | ETH:2,692.4 | SOL:122.0 | BNB:775.2 | XRP:1.5
[2026-09-27 16:13:31 UTC] Portfolio (20 Assets) | Open: 2/3 | BTC:84,556.0 | ETH:2,692.4 | SOL:122.0 | BNB:775.2 | XRP:1.5
[2026-09-27 16:13:50 UTC] Portfolio (20 Assets) | Open: 2/3 | BTC:84,564.0 | ETH:2,692.4 | SOL:122.0 | BNB:775.2 | XRP:1.5
[2026-09-27 16:14:08 UTC] Portfolio (20 Assets) | Open: 2/3 | BTC:84,564.0 | ETH:2,692.4 | SOL:122.0 | BNB:775.3 | XRP:1.5
[2026-09-27 16:14:27 UTC] Portfolio (20 Assets) | Open: 2/3 | BTC:84,564.0 | ETH:2,692.4 | SOL:122.0 | BNB:775.3 | XRP:1.5
[2026-09-27 16:14:45 UTC] Portfolio (20 Assets) | Open: 2/3 | BTC:84,564.0 | ETH:2,692.8 | SOL:122.1 | BNB:775.5 | XRP:1.5
[2026-09-27 16:15:04 UTC] Portfolio (20 Assets) | Open: 2/3 | BTC:84,564.0 | ETH:2,692.6 | SOL:122.1 | BNB:775.4 | XRP:1.5
[2026-09-27 16:15:23 UTC] Portfolio (20 Assets) | Open: 2/3 | BTC:84,564.0 | ETH:2,692.7 | SOL:122.1 | BNB:775.4 | XRP:1.5
[2026-09-27 16:15:48 UTC] Portfolio (20 Assets) | Open: 2/3 | BTC:84,575.5 | ETH:2,693.2 | SOL:122.1 | BNB:775.5 | XRP:1.5
[2026-09-27 16:16:07 UTC] Portfolio (20 Assets) | Open: 2/3 | BTC:84,565.0 | ETH:2,693.0 | SOL:122.1 | BNB:775.4 | XRP:1.5
[2026-09-27 16:16:30 UTC] Portfolio (20 Assets) | Open: 2/3 | BTC:84,565.0 | ETH:2,693.0 | SOL:122.1 | BNB:775.2 | XRP:1.5
[2026-09-27 16:16:49 UTC] Portfolio (20 Assets) | Open: 2/3 | BTC:84,554.0 | ETH:2,692.8 | SOL:122.0 | BNB:775.2 | XRP:1.5
[2026-09-27 16:17:07 UTC] Portfolio (20 Assets) | Open: 2/3 | BTC:84,542.6 | ETH:2,692.2 | SOL:122.0 | BNB:774.9 | XRP:1.5
[2026-09-27 16:17:26 UTC] Portfolio (20 Assets) | Open: 2/3 | BTC:84,506.6 | ETH:2,691.1 | SOL:121.9 | BNB:774.6 | XRP:1.5
[2026-09-27 16:17:45 UTC] Portfolio (20 Assets) | Open: 2/3 | BTC:84,506.6 | ETH:2,691.2 | SOL:122.0 | BNB:774.5 | XRP:1.5
[2026-09-27 16:18:04 UTC] Portfolio (20 Assets) | Open: 2/3 | BTC:84,515.8 | ETH:2,691.7 | SOL:122.0 | BNB:774.6 | XRP:1.5
[2026-09-27 16:18:23 UTC] Portfolio (20 Assets) | Open: 2/3 | BTC:84,569.9 | ETH:2,692.9 | SOL:122.1 | BNB:775.0 | XRP:1.5
[2026-09-27 16:18:50 UTC] Portfolio (20 Assets) | Open: 2/3 | BTC:84,574.0 | ETH:2,693.0 | SOL:122.1 | BNB:775.2 | XRP:1.5
[2026-09-27 16:19:09 UTC] Portfolio (20 Assets) | Open: 2/3 | BTC:84,574.0 | ETH:2,693.2 | SOL:122.1 | BNB:775.2 | XRP:1.5
[2026-09-27 16:19:28 UTC] Portfolio (20 Assets) | Open: 2/3 | BTC:84,574.7 | ETH:2,693.6 | SOL:122.2 | BNB:775.2 | XRP:1.5
[2026-09-27 16:19:46 UTC] Portfolio (20 Assets) | Open: 2/3 | BTC:84,586.0 | ETH:2,694.0 | SOL:122.2 | BNB:775.3 | XRP:1.5
[2026-09-27 16:20:05 UTC] Portfolio (20 Assets) | Open: 2/3 | BTC:84,588.0 | ETH:2,693.8 | SOL:122.2 | BNB:775.2 | XRP:1.5
[2026-09-27 16:20:23 UTC] Portfolio (20 Assets) | Open: 2/3 | BTC:84,588.0 | ETH:2,694.0 | SOL:122.2 | BNB:775.2 | XRP:1.5
[2026-09-27 16:20:42 UTC] Portfolio (20 Assets) | Open: 2/3 | BTC:84,592.0 | ETH:2,694.0 | SOL:122.2 | BNB:775.3 | XRP:1.5
[2026-09-27 16:21:01 UTC] Portfolio (20 Assets) | Open: 2/3 | BTC:84,630.9 | ETH:2,694.7 | SOL:122.2 | BNB:775.5 | XRP:1.5
[2026-09-27 16:21:19 UTC] Portfolio (20 Assets) | Open: 2/3 | BTC:84,654.0 | ETH:2,694.9 | SOL:122.3 | BNB:775.5 | XRP:1.5
[2026-09-27 16:21:38 UTC] Portfolio (20 Assets) | Open: 2/3 | BTC:84,648.0 | ETH:2,694.7 | SOL:122.3 | BNB:775.5 | XRP:1.5
[2026-09-27 16:22:03 UTC] Portfolio (20 Assets) | Open: 2/3 | BTC:84,646.5 | ETH:2,694.8 | SOL:122.2 | BNB:775.5 | XRP:1.5
[2026-09-27 16:22:22 UTC] Portfolio (20 Assets) | Open: 2/3 | BTC:84,650.0 | ETH:2,695.2 | SOL:122.2 | BNB:775.4 | XRP:1.5
[2026-09-27 16:22:40 UTC] Portfolio (20 Assets) | Open: 2/3 | BTC:84,620.0 | ETH:2,694.5 | SOL:122.2 | BNB:775.2 | XRP:1.5
[2026-09-27 16:22:59 UTC] Portfolio (20 Assets) | Open: 2/3 | BTC:84,618.0 | ETH:2,694.0 | SOL:122.2 | BNB:774.9 | XRP:1.5
[2026-09-27 16:23:19 UTC] Portfolio (20 Assets) | Open: 2/3 | BTC:84,616.0 | ETH:2,693.9 | SOL:122.1 | BNB:774.9 | XRP:1.5
[2026-09-27 16:23:41 UTC] Portfolio (20 Assets) | Open: 2/3 | BTC:84,574.0 | ETH:2,693.0 | SOL:122.1 | BNB:774.6 | XRP:1.5
[2026-09-27 16:24:03 UTC] Portfolio (20 Assets) | Open: 2/3 | BTC:84,596.0 | ETH:2,693.1 | SOL:122.1 | BNB:774.8 | XRP:1.5
[2026-09-27 16:24:21 UTC] Portfolio (20 Assets) | Open: 2/3 | BTC:84,600.0 | ETH:2,693.3 | SOL:122.1 | BNB:774.9 | XRP:1.5
[2026-09-27 16:24:40 UTC] Portfolio (20 Assets) | Open: 2/3 | BTC:84,596.0 | ETH:2,692.9 | SOL:122.1 | BNB:774.7 | XRP:1.5
[2026-09-27 16:25:05 UTC] Portfolio (20 Assets) | Open: 2/3 | BTC:84,584.4 | ETH:2,692.8 | SOL:122.1 | BNB:774.6 | XRP:1.5
[2026-09-27 16:25:24 UTC] Portfolio (20 Assets) | Open: 2/3 | BTC:84,577.9 | ETH:2,692.8 | SOL:122.1 | BNB:774.6 | XRP:1.5
[2026-09-27 16:25:42 UTC] Portfolio (20 Assets) | Open: 2/3 | BTC:84,594.0 | ETH:2,693.1 | SOL:122.1 | BNB:774.8 | XRP:1.5
[2026-09-27 16:26:01 UTC] Portfolio (20 Assets) | Open: 2/3 | BTC:84,582.6 | ETH:2,692.5 | SOL:122.0 | BNB:774.6 | XRP:1.5
[2026-09-27 16:26:20 UTC] Portfolio (20 Assets) | Open: 2/3 | BTC:84,586.0 | ETH:2,692.5 | SOL:122.0 | BNB:774.6 | XRP:1.5
[2026-09-27 16:26:39 UTC] Portfolio (20 Assets) | Open: 2/3 | BTC:84,590.0 | ETH:2,692.5 | SOL:122.1 | BNB:774.7 | XRP:1.5
[2026-09-27 16:26:57 UTC] Portfolio (20 Assets) | Open: 2/3 | BTC:84,586.1 | ETH:2,692.0 | SOL:122.0 | BNB:774.5 | XRP:1.5
[2026-09-27 16:27:16 UTC] Portfolio (20 Assets) | Open: 2/3 | BTC:84,598.0 | ETH:2,692.0 | SOL:122.0 | BNB:774.6 | XRP:1.5
[2026-09-27 16:27:34 UTC] Portfolio (20 Assets) | Open: 2/3 | BTC:84,594.0 | ETH:2,691.9 | SOL:122.0 | BNB:774.6 | XRP:1.5
[2026-09-27 16:27:53 UTC] Portfolio (20 Assets) | Open: 2/3 | BTC:84,590.0 | ETH:2,692.0 | SOL:122.0 | BNB:774.5 | XRP:1.5
[2026-09-27 16:28:19 UTC] Portfolio (20 Assets) | Open: 2/3 | BTC:84,590.0 | ETH:2,691.8 | SOL:122.0 | BNB:774.6 | XRP:1.5
[2026-09-27 16:28:37 UTC] Portfolio (20 Assets) | Open: 2/3 | BTC:84,582.3 | ETH:2,691.4 | SOL:122.0 | BNB:774.4 | XRP:1.5
[2026-09-27 16:28:56 UTC] Portfolio (20 Assets) | Open: 2/3 | BTC:84,592.0 | ETH:2,691.7 | SOL:122.0 | BNB:774.5 | XRP:1.5
[2026-09-27 16:29:14 UTC] Portfolio (20 Assets) | Open: 2/3 | BTC:84,580.1 | ETH:2,690.7 | SOL:121.9 | BNB:774.4 | XRP:1.5
[2026-09-27 16:29:33 UTC] Portfolio (20 Assets) | Open: 2/3 | BTC:84,587.6 | ETH:2,691.4 | SOL:122.0 | BNB:774.5 | XRP:1.5
[2026-09-27 16:29:52 UTC] Portfolio (20 Assets) | Open: 2/3 | BTC:84,578.4 | ETH:2,691.2 | SOL:122.0 | BNB:774.5 | XRP:1.5
[2026-09-27 16:30:10 UTC] Portfolio (20 Assets) | Open: 2/3 | BTC:84,540.3 | ETH:2,689.8 | SOL:121.9 | BNB:774.2 | XRP:1.5
[2026-09-27 16:30:29 UTC] Portfolio (20 Assets) | Open: 2/3 | BTC:84,540.3 | ETH:2,689.8 | SOL:121.9 | BNB:774.2 | XRP:1.5
[2026-09-27 16:30:48 UTC] Portfolio (20 Assets) | Open: 2/3 | BTC:84,509.3 | ETH:2,688.6 | SOL:121.8 | BNB:773.9 | XRP:1.5
[2026-09-27 16:31:06 UTC] Portfolio (20 Assets) | Open: 2/3 | BTC:84,488.0 | ETH:2,687.5 | SOL:121.8 | BNB:773.8 | XRP:1.5
[2026-09-27 16:31:32 UTC] Portfolio (20 Assets) | Open: 2/3 | BTC:84,496.0 | ETH:2,688.3 | SOL:121.8 | BNB:773.9 | XRP:1.5
[2026-09-27 16:31:50 UTC] Portfolio (20 Assets) | Open: 2/3 | BTC:84,525.4 | ETH:2,689.7 | SOL:121.9 | BNB:774.2 | XRP:1.5
[2026-09-27 16:32:09 UTC] Portfolio (20 Assets) | Open: 2/3 | BTC:84,496.0 | ETH:2,687.9 | SOL:121.8 | BNB:773.8 | XRP:1.5
[2026-09-27 16:32:28 UTC] Portfolio (20 Assets) | Open: 2/3 | BTC:84,496.0 | ETH:2,688.9 | SOL:121.9 | BNB:773.9 | XRP:1.5
[2026-09-27 16:32:46 UTC] Portfolio (20 Assets) | Open: 2/3 | BTC:84,516.0 | ETH:2,689.5 | SOL:121.9 | BNB:774.1 | XRP:1.5
[2026-09-27 16:33:05 UTC] Portfolio (20 Assets) | Open: 2/3 | BTC:84,546.0 | ETH:2,690.6 | SOL:122.0 | BNB:774.5 | XRP:1.5
[2026-09-27 16:33:24 UTC] Portfolio (20 Assets) | Open: 2/3 | BTC:84,548.0 | ETH:2,690.5 | SOL:122.0 | BNB:774.4 | XRP:1.5
[2026-09-27 16:33:42 UTC] Portfolio (20 Assets) | Open: 2/3 | BTC:84,538.0 | ETH:2,690.2 | SOL:122.0 | BNB:774.2 | XRP:1.5
[2026-09-27 16:34:01 UTC] Portfolio (20 Assets) | Open: 2/3 | BTC:84,515.9 | ETH:2,689.6 | SOL:121.9 | BNB:774.0 | XRP:1.5
[2026-09-27 16:34:20 UTC] Portfolio (20 Assets) | Open: 2/3 | BTC:84,520.0 | ETH:2,689.8 | SOL:121.9 | BNB:774.1 | XRP:1.5
[2026-09-27 16:34:45 UTC] Portfolio (20 Assets) | Open: 2/3 | BTC:84,528.0 | ETH:2,689.5 | SOL:121.9 | BNB:774.1 | XRP:1.5
[2026-09-27 16:35:04 UTC] Portfolio (20 Assets) | Open: 2/3 | BTC:84,514.7 | ETH:2,688.9 | SOL:121.9 | BNB:774.0 | XRP:1.5
[2026-09-27 16:35:23 UTC] Portfolio (20 Assets) | Open: 2/3 | BTC:84,520.0 | ETH:2,689.4 | SOL:122.0 | BNB:774.2 | XRP:1.5
[2026-09-27 16:35:41 UTC] Portfolio (20 Assets) | Open: 2/3 | BTC:84,472.0 | ETH:2,687.0 | SOL:121.8 | BNB:773.6 | XRP:1.5
[2026-09-27 16:36:00 UTC] Portfolio (20 Assets) | Open: 2/3 | BTC:84,450.0 | ETH:2,686.5 | SOL:121.8 | BNB:773.5 | XRP:1.5
[2026-09-27 16:36:18 UTC] Portfolio (20 Assets) | Open: 2/3 | BTC:84,456.0 | ETH:2,686.3 | SOL:121.8 | BNB:773.5 | XRP:1.5
[2026-09-27 16:36:37 UTC] Portfolio (20 Assets) | Open: 2/3 | BTC:84,462.0 | ETH:2,685.6 | SOL:121.8 | BNB:774.5 | XRP:1.5
[2026-09-27 16:36:56 UTC] Portfolio (20 Assets) | Open: 2/3 | BTC:84,468.0 | ETH:2,686.6 | SOL:121.8 | BNB:774.9 | XRP:1.5
[2026-09-27 16:37:15 UTC] Portfolio (20 Assets) | Open: 2/3 | BTC:84,502.0 | ETH:2,688.3 | SOL:122.0 | BNB:775.5 | XRP:1.5
[2026-09-27 16:37:34 UTC] Portfolio (20 Assets) | Open: 2/3 | BTC:84,485.6 | ETH:2,687.4 | SOL:122.0 | BNB:775.4 | XRP:1.5
[2026-09-27 16:38:01 UTC] Portfolio (20 Assets) | Open: 2/3 | BTC:84,473.6 | ETH:2,686.6 | SOL:121.9 | BNB:775.0 | XRP:1.5
[2026-09-27 16:38:20 UTC] Portfolio (20 Assets) | Open: 2/3 | BTC:84,492.0 | ETH:2,687.9 | SOL:122.0 | BNB:775.5 | XRP:1.5
[2026-09-27 16:38:39 UTC] Portfolio (20 Assets) | Open: 2/3 | BTC:84,502.0 | ETH:2,688.0 | SOL:122.0 | BNB:775.6 | XRP:1.5
[2026-09-27 16:38:58 UTC] Portfolio (20 Assets) | Open: 2/3 | BTC:84,458.1 | ETH:2,686.8 | SOL:121.9 | BNB:775.0 | XRP:1.5
